// Jest Snapshot v1, https://goo.gl/fbAQLP

exports[`<PostCard /> should match snapshot 1`] = `
<div
  class="post"
>
  <img
    alt="Title 1"
    src="static/logo.svg"
  />
  <div
    class="post-content"
  >
    <h1>
      1 Title 1
    </h1>
    <p>
      <span>
        Body 1
      </span>
    </p>
  </div>
</div>
`;
